 1026  sudo systemctl status qneeproject
 1027  python3 manage.py runserver --settings qneeproject.settings.local
 1028  sudo systemctl status qneeproject
 1029  sudo systemctl status qneeproject.socket
 1030  sudo systemctl status nginx
 1031  sudo systemctl stop nginx
 1032  sudo systemctl status nginx
 1033  python3 manage.py runserver --settings qneeproject.settings.local
 1034  sudo systemctl status nginx
 1035  sudo systemctl status qneeproject.socket
 1036  sudo systemctl status qneeproject
 1037  python3 manage.py migrate
 1038  python3 manage.py makemigrations
 1039  python3 manage.py runserver --settings qneeproject.settings.local
 1040  python3 manage.py runserver 127.0.0.1:8000 --settings qneeproject.settings.local
 1041  sudo systemctl status nginx
 1042  sudo systemctl status qneeproject.socket
 1043  sudo systemctl status qneeproject
 1044  ps au
 1045  ls -la
 1046  python3 manage.py runserver 127.0.0.1:8000 --settings qneeproject.settings.local
 1047  pkill gunicorn
 1048  python3 manage.py runserver 127.0.0.1:8000 --settings qneeproject.settings.local
 1049  python3 manage.py runserver 120.0.0.0:8000 --settings qneeproject.settings.local
 1050  python3 manage.py runserver 0.0.0.0:8000 --settings qneeproject.settings.local
 1051  cd django
 1052  python3 -m venv ven
 1053  python3 -m venv venv
 1054  source venv/bin/activate
 1055  cd qneeproject
 1056  ls
 1057  python3 manage.py runserver 0.0.0.0:8000 --settings qneeproject.settings.local
 1058  sudo vi /var/www/qneeproject/static/css/style.css
 1059  sudo cp /var/www/qneeproject/static/css/style.css ./qneeproject/static/css/style.css
 1060  sudo cp /var/www/qneeproject/static/css/main.css ./qneeproject/static/css/main.css
 1061  sudo cp /var/www/qneeproject/static/css/style.min.css ./qneeproject/static/css/style.min.css
 1062  sudo cp /var/www/qneeproject/static/css/bootstrap.min.css ./qneeproject/static/css/bootstrap.min.cssCCCCCCCCCCCCCCCCCCC
 1063  cd django
 1064  python3 -m venv venv
 1065  source venv/bin/activate
 1066  cd qneeproject
 1067  python3 manage.py runserver 0.0.0.0:8000 --settings qneeproject.settings.local
 1068  dpkg -l | grep -i mysql
 1069  wget https://dev.mysql.com/get/mysql-apt-config_0.8.33-1_all.deb
 1070  sudo wget https://dev.mysql.com/get/mysql-apt-config_0.8.33-1_all.deb
 1071  sudo dpkg -i mysql-apt-config_0.8.33-1_all.deb
 1072  sudo wget https://dev.mysql.com/get/mysql-apt-config_0.8.15-1_all.deb
 1073  sudo dpkg -i mysql-apt-config_0.8.15-1_all.deb
 1074  mysql --version
 1075  sudo apt update
 1076  sudo apt install mysql-server-8.0 -f
 1077  sudo apt-get remove --purge mysql-server mysql-client mysql-common && sudo apt-get autoremove && sudo apt-get autoclean && sudo deluser mysql && sudo rm -rf /var/lib/mysql && sudo apt-get purge mysql-server-core-5.7 && sudo apt-get purge mysql-client-core-5.7 && sudo rm -rf /var/log/mysql && sudo rm -rf /etc/mysql
 1078  docker search mysql
 1079  docker pull mysql/mysql-server
 1080  docker images
 1081  docker ps
 1082  docker ps -a
 1083  docker rm bfb640b0412d
 1084  docker rm ef566bdf5765
 1085  docker stop bfb640b0412d
 1086  docker rm bfb640b0412d
 1087  docker ps
 1088  docker ps -a
 1089  docker images
 1090  docker rmi 8e703cc58170
 1091  docker images
 1092  docker rmi 866933b8b57a
 1093  docker images
 1094  docker rmi 8e291756241d
 1095  docker images
 1096  docker rmi 10db11fef9ce
 1097  docker images
 1098  docker rmi 40a0a481c0d5
 1099  docker rmi b7aff0191ea5
 1100  docker rmi 40a0a481c0d5
 1101  docker images
 1102  docker rmi 40a0a481c0d5e3ea3917feb1
 1103  docker rmi e3ea3917feb1
 1104  docker images
 1105  docker rmi a9e2e4834cd4
 1106  docker images
 1107  docker rmi a4cb00e84832
 1108  docker images
 1109  python3 manage.py runserver 0.0.0.0:8000 --settings qneeproject.settings.local
 1110  docker images
 1111  docker ps -a
 1112  docker ps -a -q
 1113  docker ps
 1114  docer ps
 1115  docker ps
 1116  docer run --name=mysql1 -d mysql/mysql-server
 1117  docker run --name=mysql1 -d mysql/mysql-server
 1118  docker -s
 1119  docker ps
 1120  docker logs mysql
 1121  docker logs mysql1
 1122  docker ps
 1123  docker images
 1124  docker logs mysql1 2>&1 | grep GENERATED
 1125  whoami
 1126  docker exec -it mysql1 mysql -r root -p
 1127  docker exec -it mysql1 mysql -u root -p
 1128  docker ps
 1129  ls -la /code
 1130  sudo apt install mysql-server
 1131  mysql --version
 1132  sudo apt install -y default-libmysqlclient-dev
 1133  pip freeze > 01_requirements/production.lock 
 1134  docker ps
 1135  mysql --version
 1136  pip freeze > 01_requirements/production.lock 
 1137  docker stop fef7a31cf3b6
 1138  docker rm fef7a31cf3b6
 1139  docker ps
 1140  sudo mysql_secure_installation
 1141  dpkg -l | grep -i mysql
 1142  docker ps
 1143  dpkg -l | grep -i mysql
 1144  sudo apt remove --purge mysql-server* mysql-common
 1145  dpkg -l | grep -i mysql
 1146  sudo apt install -y mysql-server
 1147  sudo apt install -y default-libmysqlclient-dev
 1148  dpkg -l | grep -i mysql
 1149  sudo mysql_secure_installation
 1150  logs
 1151  mysql -u root -p
 1152  less mysqld.log | grep “temporary password”
 1153  less mysqld.log
 1154  sudo /etc/init.d/mysql start
 1155  sudo mysql_secure_installation
 1156  service mysqld stop
 1157  sudo service mysqld stop
 1158  sudo mysqld_safe --skip-grant-tables &
 1159  mysql -u root
 1160  sudo mysqld_safe --skip-grant-tables &
 1161  mysql -u root
 1162  sudo service mysqld stop
 1163  su
 1164  service mysqld stop
 1165  MySQLをセ
 1166  sudo service mysql stop
 1167  sudo mkdir -p /var/run/mysqld
 1168  sudo chown mysql:mysql /var/run/mysqld
 1169  sudo /usr/sbin/mysqld --skip-grant-tables --user=root --skip-networking &
 1170  mysql -u root
 1171  sudo pkill mysqld
 1172  sudo chown -R mysql:mysql /var/lib/mysql/
 1173  sudo service mysql start
 1174  mysql -u root
 1175  sudo mysql -u root
 1176  sudo mysql_secure_installation
 1177  sudo systemctl status mysql
 1178  sudo vi /etc/mysql/mysql.conf.d/mysql.cnf
 1179  sudo systemctl status mysql
 1180  sudo vi /etc/mysql/mysql.conf.d/mysql.cnf
 1181  sudo ls -la /etc/mysql/mysql.conf.d/
 1182  sudo ls -la /etc/mysql/mysql.conf.d/mysqld.cnf
 1183  sudo vi /etc/mysql/mysql.conf.d/mysqld.cnf
 1184  sudo systemctl restart mysql
 1185  mysql -r root -p
 1186  mysql -u root -p
 1187  su
 1188  sudo vi /etc/mysql/mysql.conf.d/mysqld.cnf
 1189  sudo systemctl restart mysql
 1190  mysql -u root -p
 1191  su
 1192  sudo vi /etc/mysql/mysql.conf.d/mysqld.cnf
 1193  sudo ls -la /var/log
 1194  pythpn3 manage.py migrate
 1195  python3 manage.py migrate
 1196  sudo apt install -y sqlclient
 1197  sudo apt install -y mysqlclient
 1198  sudo apt install -y mysql-client
 1199  python3 manage.py migrate
 1200  sudo pip install -y mysqlclient
 1201  sudo pip uninstall -y mysql-client
 1202  sudo apt uninstall -y mysql-client
 1203  sudo apt-get install default-libmysqlclient-dev build-essential
 1204  sudo pip install -y mysqlclient
 1205  sudo pip install mysqlclient
 1206  sudo pip install -y mysqlclientC
 1207  python3 manage.py migrate
 1208  sudo pip install mysqlclient
 1209  python3 manage.py migrate
 1210  sudo ls -la /home/shuichiro/app3/django/venv/lib/python3.10/site-packages/django/db/backends/mysql/base.py
 1211  pip install pymysql
 1212  python3 manage.py migrate
 1213  pip install cryptography
 1214  python3 manage.py migrate
 1215  python3 manage.py makemigrations
 1216  python3 manage.py migrate
 1217  python3 manage.py makemigrations
 1218  python3 manage.py migrate
 1219  sudo mysql -u root -p
 1220  python3 manage.py migrate
 1221  sudo mysql -u root -p
 1222  python3 manage.py migrate
 1223  sudo mysql -u root -p
 1224  python3 manage.py migrate
 1225  python3 manage.py makemigrations
 1226  python3 manage.py migrate
 1227  sudo mysql -u root -p
 1228  python3 manage.py migrate
 1229  python3 manage.py showmigrations
 1230  python3 manage.py migrate
 1231  python3 manage.py migrate accounts
 1232  sudo mysql -u root -p
 1233  python3 manage.py migrate accounts
 1234  python3 manage.py migrate
 1235  python3 manage.py migrate accounts
 1236  python3 manage.py mkemigrations accounts
 1237  python3 manage.py mkmigrations accounts
 1238  python3 manage.py makemigrations accounts
 1239  python3 manage.py migrate accounts
 1240  python3 manage.py migrate
 1241  sudo mysql -u root -p
 1242  python3 manage.py migrate
 1243  python3 manage.py showmigrations
 1244  python3 manage.py createsuperuser
 1245  python3 manage.py runserver 0.0.0.0:8000 --settings qneeproject.settings.local
 1246  python manage.py collectstatic
 1247  python3 manage.py runserver 0.0.0.0:8000 --settings qneeproject.settings.local
 1248  pythonon3 manage.py collectstatic
 1249  python3 manage.py collectstatic
 1250  sudo ls -la /var/www/qneeproject/templates
 1251  sudo ls -la /var/www/qneeproject/
 1252  sudo ls -la /var/www/qneeproject/static
 1253  sudo ls -la /var/www/
 1254  sudo ls -la /var/www/html
 1255  cd django
 1256  python3 -m venv venv
 1257  source venv/bin/activate
 1258  ls
 1259  cd qneeprojcet
 1260  ls
 1261  python3 manage.py runserver 0.0.0.0:8000 --settings qneeproject.settings.local
 1262  pwd
 1263  ls -la
 1264  cd app3
 1265  ls
 1266  sudo vi /etc/mysql/mysql.conf.d/mysqld.cnf
 1267  cd django
 1268  ls
 1269  vi memo
 1270  cd ..
 1271  ls
 1272  vi ReadMe
 1273  ls
 1274  cd django
 1275  python3 -m venv venv
 1276  source venv/bin/activate
 1277  cd qneeproject
 1278  ls
 1279  python3 manage.py runserver 0.0.0.0:8000 --settings qneeproject.settings.local
 1280  python3 manage.py runserver 0.0.0.0:8000 --settings qneeproject.settings.local  <script src="https://cdn.jsdelivr.net/npm/bootstrap@5.3.0/dist/js/bootstrap.bundle.min.js" integrity="sha384-geWF76RCwLtnZ8qwWowPQNguL3RmwHVBC9FhGdlKrxdiJJigb/j/68SIy3Te4Bkz" crossorigin="anonymous"></script>
 1281  python3 manage.py runserver 0.0.0.0:8000 --settings qneeproject.settings.local
 1282  pwd
 1283  cd app3
 1284  cd django
 1285  ls
 1286  python3 -m venv venv
 1287  source venv/bin/activate
 1288  cd qneeproject
 1289  python3 manage.py runserver 0.0.0.0:8000 --settings qneeproject.settings.local
 1290  cd app3/django
 1291  python3 -m venv venv
 1292  source venv/bin/activate
 1293  cd qneeproject
 1294  ls
 1295  python3 manage.py runserver 0.0.0.0:8000 --settings qneeproject.settings.local
 1296  python3 manage.py makemigrations
 1297  python3 manage.py showmigrations
 1298  python3 manage.py migrate
 1299  python3 manage.py makemigrations qpay
 1300  python3 manage.py migrate
 1301  python3 manage.py runserver 0.0.0.0:8000 --settings qneeproject.settings.local
 1302  pwd
 1303  cd app3/django
 1304  python3 -m venv venv
 1305  source venv/bin/activate
 1306  cd qneeproject
 1307  ls
 1308  python3 manage.py runserver 0.0.0.0:8000 --settings qneeproject.settings.local
 1309  python3 manage.py createsuperuser
 1310  python3 manage.py runserver 0.0.0.0:8000 --settings qneeproject.settings.local
 1311  python3 manage.py makemigrations qpay
 1312  python3 manage.py makemigrations
 1313  python3 manage.py migrate
 1314  python3 manage.py runserver 0.0.0.0:8000 --settings qneeproject.settings.local
 1315  python3 manage.py makemigrations
 1316  python3 manage.py migrate
 1317  python3 manage.py runserver 0.0.0.0:8000 --settings qneeproject.settings.local
 1318  python3 manage.py makemigrations
 1319  python3 manage.py migrate
 1320  python3 manage.py runserver 0.0.0.0:8000 --settings qneeproject.settings.local
 1321  cd app3/djnago
 1322  ls
 1323  cd app3/
 1324  cd django
 1325  ls
 1326  python3 -m venv venv
 1327  python3 manage.py makem
 1328  python3 manage.py migrate
 1329  source venv/bin/activate
 1330  cd qneeproject
 1331  ls
 1332  python3 manage.py runserver 0.0.0.0:8000 --settings qneeproject.settings.local
 1333  python3 manage.py makemigrations
 1334  python3 manage.py migrate
 1335  python3 manage.py runserver 0.0.0.0:8000 --settings qneeproject.settings.local{% extends "index/base_qconnect.html" %}
 1336  {% load static %}
 1337      
 1338  {% block title %}登録内容のご確認{% endblock %}
 1339  {% block content %}
 1340  <div class="authentication-bg min-vh-100 min-vw-100">
 1341    
 1342    <div class="container">
 1343      <nav aria-label="breadcrumb" role="nabigation">
 1344        <ol class="breadcrumb text-dark rounded-2">
 1345          <li class="breadcrumb-item  text-primary"><a href="{% url 'accounts:mypage_buyer' %}">マイページ・ホーム</a></li>
 1346          <li class="breadcrumb-item active" aria-current="page">利用規約確認</li>
 1347        </ol>
 1348      </nav>
 1349      <div class ="row justify-content-center">
 1350        <div class="col-10">
 1351          <div class="progress mt-1 mb-1" style="height: 12px" >
 1352            <div class="progress-bar bg-secondary" role="progressbar"
 1353              style="width: 25%"
 1354              aria-valuenow="25" aria-valuemin="0" aria-valuemax="100">
 1355              仮登録
 1356            </div>
 1357    
 1358            <div class="progress-bar bg-secondary" role="progressbar"
 1359              style="width: 25%"
 1360              aria-valuenow="50" aria-valuemin="0" aria-valuemax="100">
 1361              メール受領
 1362            </div>
 1363    
 1364            <div class="progress-bar bg-secondary" role="progressbar"
 1365              style="width: 25%"
 1366              aria-valuenow="75" aria-valuemin="0" aria-valuemax="100">
 1367              本登録
 1368            </div>
 1369    
 1370            <div class="progress-bar bg-danger progress-bar-striped progress-bar-animated" role="progressbar"
 1371              style="width: 25%"
 1372              aria-valuenow="100" aria-valuemin="0" aria-valuemax="100">
 1373              利用規約確認
 1374            </div>
 1375          </div>
 1376        </div>
 1377      </div>
 1378    
 1379      <div class ="row justify-content-center">
 1380        <div class="col-12 col-sm-11 col-md-9">
 1381          <div class="row justify-content-center mt-4 mb-1">
 1382            <h4 class="text-black text-center">＜利用規約ご確認＞</h4>
 1383          </div>
 1384          {% for message in messages %}
 1385            <div class="alert alert-{{ message.tags }}" role="alert" style="background-color: #fae6ef;">
 1386              <span>{{ message }}</span>
 1387            </div>
 1388          {% endfor %}
 1389          <!-- メッセージはerror/warning/success/infoのmessage.tagsが付けられて保存される。 -->
 1390          <!-- message.tagsはsettings.pyのMESSAGE_TAGSで定義できる  25/01/10 -->
 1391          <!-- extra_tagはsettings.pyのMESSAGE_TAGSで定義できる  25/01/10 -->
 1392          <div class="iframe-wrapper d-flex justify-content-center">
 1393            <iframe src= "{% static 'accounts/利用規約（サンプル）.pdf' %}"></iframe>
 1394          </div>
 1395        </div> <!-- end col -->
 1396      </div> <!-- end row -->
 1397      <div class="row justify-content-center">
 1398        <div class="col-12 col-xs-10">
 1399          <br>
 1400          <div class="btn-group btn-group-vertical d-flex justify-content-center" data-toggle="buttons">
 1401            <label class="btn active">
 1402              <input id="check" type="checkbox" name='check'>
 1403              <span> 利用規約に同意する </span>
 1404            </label>
 1405          </div>
 1406          <form method="POST" action="{% url 'accounts:agreement_confirm_buyer' user.id entity.id %}">
 1407            {% csrf_token %}
 1408            {% for field in form %}
 1409            {{field.as_hidden}}
 1410            {% endfor %}
 1411            <div class="d-flex justify-content-center mt-4">
 1412              <button id="next1" type="submit" class="btn btn-primary me-2" name="next" value="disagree"
 1413                data-bs-toggle="tooltip"
 1414                data-bs-placement="bottom"
 1415                title="">同意しない
 1416              </button>
 1417              
 1418              <button id="next2" type="submit" class="btn btn-primary ms-2" name="next" value="agree"
 1419                data-bs-toggle="tooltip"
 1420                data-bs-placement="bottom"
 1421                title="上記「利用規約に同意します」にチェックしたうえクリック">同意します
 1422              </button>
 1423            </div>
 1424          </form>
 1425        </div>
 1426      </div>
 1427    </div>
 1428  </div>
 1429  <script src="{% static 'accounts/js/script.js' %}" defer></script>
 1430  {% endblock %}
 1431  python3 manage.py runserver 0.0.0.0:8000 --settings qneeproject.settings.local
 1432  pwd
 1433  cd app3
 1434  pwd
 1435  ls -la
 1436  cd django
 1437  python3 -m venv venv
 1438  source venv/bin/activate
 1439  cd qneeproject
 1440  ls
 1441  python3 manage.py runserver 0.0.0.0:8000 --settings qneeproject.settings.local
 1442  python3 manage.py makemigrations
 1443  python3 manage.py migrate
 1444  python3 manage.py makemigrations
 1445  python3 manage.py migrate
 1446  python3 manage.py runserver 0.0.0.0:8000 --settings qneeproject.settings.local
 1447  cd app3/django
 1448  python3 -m venv venv
 1449  source venv/bin/activate
 1450  cd qneeproject
 1451  python3 manage.py runserver 0.0.0.0:8000 --settings qneeproject.settings.local
 1452  pwd
 1453  cd app3/django
 1454  python3 -m venv venv
 1455  source venv/bin/activate
 1456  cd qneeproject
 1457  python3 manage.py runserver 0.0.0.0:8000 --settings qneeproject.settings.local
 1458  cd app3/django
 1459  python3 -m venv venv
 1460  source venv/bin/activate
 1461  cd qneeproject
 1462  cd ..
 1463  python3 manage.py runserver 0.0.0.0:8000 --settings qneeproject.settings.local
 1464  python3 manage.py makemigrations
 1465  python3 manage.py migrate
 1466  python3 manage.py runserver 0.0.0.0:8000 --settings qneeproject.settings.local
 1467  python3 manage.py makemigrations
 1468  python3 manage.py migrate
 1469  python3 manage.py makemigrations
 1470  python3 manage.py migrate
 1471  python3 manage.py runserver 0.0.0.0:8000 --settings qneeproject.settings.local
 1472  python3 manage.py migrate
 1473  python3 manage.py runserver 0.0.0.0:8000 --settings qneeproject.settings.local
 1474  python3 manage.py makemigrations
 1475  python3 manage.py migrate
 1476  python3 manage.py runserver 0.0.0.0:8000 --settings qneeproject.settings.local
 1477  python3 manage.py makemigrations
 1478  python3 manage.py migrate
 1479  python3 manage.py runserver 0.0.0.0:8000 --settings qneeproject.settings.local
 1480  python3 manage.py makemigrations
 1481  python3 manage.py migrate
 1482  python3 manage.py runserver 0.0.0.0:8000 --settings qneeproject.settings.local
 1483  python3 manage.py makemigrations
 1484  python3 manage.py migrate
 1485  python3 manage.py runserver 0.0.0.0:8000 --settings qneeproject.settings.local
 1486  python3 manage.py makemigrations
 1487  python3 manage.py migrate
 1488  python3 manage.py runserver 0.0.0.0:8000 --settings qneeproject.settings.local
 1489  pwd
 1490  ls
 1491  cd app3/django
 1492  python3 -m venv venv
 1493  source venv/bin/activate
 1494  cd qneeproject
 1495  python3 manage.py runserver 0.0.0.0:8000 --settings qneeproject.settings.local
 1496  python3 manage.py makemigrations
 1497  python3 manage.py migrate
 1498  python3 manage.py runserver 0.0.0.0:8000 --settings qneeproject.settings.local
 1499  python3 manage.py makemigrations
 1500  python3 manage.py migrate
 1501  python3 manage.py makemigrations
 1502  python3 manage.py migrate
 1503  python3 manage.py makemigrations
 1504  python3 manage.py migrate
 1505  python3 manage.py makemigrations
 1506  python3 manage.py migrate
 1507  python3 manage.py makemigrations
 1508  python3 manage.py migrate
 1509  python3 manage.py makemigrations
 1510  python3 manage.py migrate
 1511  python3 manage.py makemigrations
 1512  python3 manage.py migrate
 1513  python3 manage.py makemigrations
 1514  python3 manage.py migrate
 1515  python3 manage.py makemigrations
 1516  python3 manage.py migrate
 1517  python3 manage.py makemigrations
 1518  python3 manage.py migrate
 1519  python3 manage.py makemigrations
 1520  python3 manage.py migrate
 1521  python3 manage.py makemigrations
 1522  python3 manage.py migrate
 1523  python3 manage.py makemigrations
 1524  python3 manage.py migrate
 1525  python3 manage.py makemigrations
 1526  python3 manage.py migrate
 1527  python3 manage.py makemigrations
 1528  python3 manage.py migrate
 1529  python3 manage.py makemigrations
 1530  python3 manage.py migrate
 1531  python3 manage.py makemigrations
 1532  python3 manage.py migrate
 1533  python3 manage.py makemigrations
 1534  python3 manage.py migrate
 1535  python3 manage.py makemigrations
 1536  python3 manage.py migrate
 1537  python3 manage.py makemigrations
 1538  python3 manage.py migrate
 1539  python3 manage.py makemigrations
 1540  python3 manage.py migrate
 1541  python3 manage.py makemigrations
 1542  python3 manage.py migrate
 1543  python3 manage.py makemigrations
 1544  python3 manage.py migrate
 1545  cd app3/django
 1546  python3 -m venv venv
 1547  source venv/bin/activate
 1548  cd qneeproject
 1549  python3 manage.py runserver 0.0.0.0:8000 --settings qneeproject.settings.local
 1550  python3 manage.py makemigrations
 1551  python3 manage.py migrate
 1552  python3 manage.py runserver 0.0.0.0:8000 --settings qneeproject.settings.local
 1553  python3 manage.py makemigrations
 1554  python3 manage.py migrate
 1555  python3 manage.py runserver 0.0.0.0:8000 --settings qneeproject.settings.local
 1556  python3 manage.py makemigrations
 1557  python3 manage.py migrate
 1558  python3 manage.py makemigrations
 1559  python3 manage.py migrate
 1560  python manage.py migrate api 0005_remove_legalentity_is_consent_and_more
 1561  python3 manage.py makemigrations
 1562  python3 manage.py migrate
 1563  python3 manage.py makemigrations
 1564  python3 manage.py migrate
 1565  python3 manage.py makemigrations
 1566  python3 manage.py migrate
 1567  python3 manage.py makemigrations
 1568  python3 manage.py migrate
 1569  python3 manage.py makemigrations
 1570  python3 manage.py migrate
 1571  python3 manage.py makemigrations
 1572  python3 manage.py migrate
 1573  python3 manage.py makemigrations
 1574  python3 manage.py migrate
 1575  python3 manage.py makemigrations
 1576  python3 manage.py migrate
 1577  python3 manage.py runserver 0.0.0.0:8000 --settings qneeproject.settings.local
 1578  python3 manage.py makemigrations
 1579  python3 manage.py migrate
 1580  python3 manage.py runserver 0.0.0.0:8000 --settings qneeproject.settings.local
 1581  python manage.py shell
 1582  python3 manage.py makemigrations
 1583  python3 manage.py migrate
 1584  python3 manage.py makemigrations
 1585  python3 manage.py migrate
 1586  python3 manage.py makemigrations
 1587  python3 manage.py migrate
 1588  python3 manage.py makemigrations
 1589  python3 manage.py migrate
 1590  python3 manage.py runserver 0.0.0.0:8000 --settings qneeproject.settings.local
 1591  python manage.py shell
 1592  python3 manage.py runserver 0.0.0.0:8000 --settings qneeproject.settings.local
 1593  python3 manage.py makemigrations
 1594  python3 manage.py migrate
 1595  python manage.py dbshell
 1596  python3 manage.py makemigrations
 1597  python3 manage.py migrate
 1598  python3 manage.py makemigrations
 1599  python3 manage.py migrate
 1600  python3 manage.py makemigrations
 1601  python3 manage.py migrate
 1602  python3 manage.py makemigrations
 1603  python3 manage.py migrate
 1604  python manage.py dbshell
 1605  python3 manage.py runserver 0.0.0.0:8000 --settings qneeproject.settings.local
 1606  python3 manage.py makemigrations
 1607  python3 manage.py migrate
 1608  python3 manage.py makemigrations
 1609  python3 manage.py migrate
 1610  python3 manage.py makemigrations
 1611  python3 manage.py migrate
 1612  python3 manage.py sqlmigrate
 1613  python3 manage.py migrate
 1614  python manage.py dbshell
 1615  python3 manage.py makemigrations
 1616  python3 manage.py migrate
 1617  python3 manage.py runserver 0.0.0.0:8000 --settings qneeproject.settings.local
 1618  python manage.py dbshell
 1619  python3 manage.py makemigrations
 1620  python3 manage.py migrate
 1621  python manage.py sqlmigrate
 1622  python manage.py sqlmigrate historical_data 0001
 1623  python manage.py showmigrations
 1624  python3 manage.py makemigrations
 1625  python3 manage.py migrate
 1626  python3 manage.py runserver 0.0.0.0:8000 --settings qneeproject.settings.local
 1627  python3 manage.py makemigrations
 1628  python3 manage.py migrate
 1629  python3 manage.py makemigrations
 1630  python3 manage.py migrate
 1631  python3 manage.py makemigrations
 1632  python3 manage.py migrate
 1633  python3 manage.py makemigrations
 1634  python3 manage.py migrate
 1635  python3 manage.py makemigrations
 1636  python3 manage.py migrate
 1637  python3 manage.py makemigrations
 1638  python3 manage.py migrate
 1639  python3 manage.py makemigrations
 1640  python3 manage.py migrate
 1641  python3 manage.py makemigrations
 1642  python3 manage.py migrate
 1643  python3 manage.py makemigrations
 1644  python3 manage.py migrate
 1645  python3 manage.py makemigrations
 1646  python3 manage.py migrate
 1647  python3 manage.py makemigrations
 1648  python3 manage.py runserver 0.0.0.0:8000 --settings qneeproject.settings.local
 1649  python3 manage.py makemigrations
 1650  python3 manage.py migrate
 1651  python3 manage.py makemigrations
 1652  python3 manage.py migrate
 1653  python3 manage.py runserver 0.0.0.0:8000 --settings qneeproject.settings.local
 1654  python3 manage.py makemigrations
 1655  python3 manage.py migrate
 1656  python3 manage.py makemigrations
 1657  python3 manage.py migrate
 1658  python3 manage.py makemigrations
 1659  python3 manage.py migrate
 1660  python3 manage.py makemigrations
 1661  python3 manage.py migrate
 1662  python3 manage.py makemigrations
 1663  python3 manage.py migrate
 1664  python manage.py dbshell
 1665  python3 manage.py makemigrations
 1666  python3 manage.py migrate
 1667  python3 manage.py makemigrations
 1668  python3 manage.py migrate
 1669  python manage.py dbshell
 1670  cd app3/django
 1671  python3 -m -m venv
 1672  python -m -m venv
 1673  python3 -m venv venv
 1674  source ven/bin/activate
 1675  source venv/bin/activate
 1676  cd qneeproject
 1677  ls
 1678  python3 manage.py runserver 0.0.0.0:8000 --settings qneeproject.settings.local
 1679  python3 manage.py makemigrations
 1680  python3 manage.py migrate
 1681  python manage.py dbshell
 1682  python3 manage.py makemigrations
 1683  python3 manage.py migrate
 1684  python3 manage.py runserver 0.0.0.0:8000 --settings qneeproject.settings.local
 1685  python manage.py dbshell
 1686  python3 manage.py makemigrations
 1687  python3 manage.py migrate
 1688  python manage.py dbshell
 1689  python3 manage.py runserver 0.0.0.0:8000 --settings qneeproject.settings.local
 1690  python3 manage.py createsuperuser
 1691  python3 manage.py runserver 0.0.0.0:8000 --settings qneeproject.settings.local
 1692  python3 manage.py makemigrations
 1693  python3 manage.py migrate
 1694  python3 manage.py runserver 0.0.0.0:8000 --settings qneeproject.settings.local
 1695  python3 manage.py makemigrations
 1696  python3 manage.py migrate
 1697  python3 manage.py makemigrations
 1698  python3 manage.py migrate
 1699  python3 manage.py makemigrations
 1700  python3 manage.py migrate
 1701  python3 manage.py makemigrations
 1702  python3 manage.py migrate
 1703  python3 manage.py makemigrations
 1704  python3 manage.py migrate
 1705  python3 manage.py makemigrations
 1706  python3 manage.py migrate
 1707  python3 manage.py makemigrations
 1708  python3 manage.py migrate
 1709  python3 manage.py runserver 0.0.0.0:8000 --settings qneeproject.settings.local
 1710  python3 manage.py makemigrations
 1711  python3 manage.py migrate
 1712  python3 manage.py runserver 0.0.0.0:8000 --settings qneeproject.settings.local
 1713  python3 manage.py makemigrations
 1714  python3 manage.py migrate
 1715  python3 manage.py runserver 0.0.0.0:8000 --settings qneeproject.settings.local
 1716  python3 manage.py makemigrations
 1717  python manage.py dbshell
 1718  python3 manage.py makemigrations
 1719  python manage.py dbshell
 1720  python3 manage.py makemigrations
 1721  python manage.py dbshell
 1722  pip install mysqlclient
 1723  python manage.py dbshell
 1724  python3 manage.py makemigrations
 1725  mysql -u root -p
 1726  mysql -u shuichiro -p
 1727  $ sudo mysql -u root -p
 1728  sudo mysql -u root -p
 1729  python3 manage.py makemigrations
 1730  sudo mysql -u root -p
 1731  python3 manage.py makemigrations
 1732  python3 manage.py showmigrations
 1733  python3 manage.py makemigrations --merge
 1734  sudo mysql -u root -p
 1735  python3 manage.py showmigrations
 1736  python3 manage.py makemigrations
 1737  python3 manage.py showmigrations
 1738  python3 manage.py makemigrations
 1739  python3 manage.py showmigrations
 1740  python3 manage.py makemigrations
 1741  python3 manage.py showmigrations
 1742  python3 manage.py makemigrations
 1743  python3 manage.py showmigrations
 1744  python3 manage.py makemigrations
 1745  python3 manage.py migrate
 1746  python3 manage.py makemigrations
 1747  python3 manage.py migrate
 1748  python3 manage.py showmigrations
 1749  python3 manage.py makemigrations
 1750  python3 manage.py migrate
 1751  python3 manage.py makemigrations
 1752  python3 manage.py migrate
 1753  python3 manage.py showmigrations
 1754  python3 manage.py makemigrations
 1755  python3 manage.py migrate
 1756  python3 manage.py showmigrations
 1757  python3 manage.py makemigrations
 1758  sudo mysql -u root -p
 1759  python3 manage.py makemigrations
 1760  python3 manage.py showmigrations
 1761  python3 manage.py makemigrations
 1762  python3 manage.py migrate
 1763  python3 manage.py runserver 0.0.0.0:8000 --settings qneeproject.settings.local
 1764  python3 manage.py migrate
 1765  sudo mysql -u root -p
 1766  python3 manage.py migrate 
 1767  python3 manage.py showmigrations
 1768  python3 manage.py makemigrations
 1769  python3 manage.py showmigrations
 1770  sudo mysql -u root -p
 1771  python3 manage.py showmigrations
 1772  python3 manage.py makemigrations
 1773  sudo mysql -u root -p
 1774  python3 manage.py showmigrations
 1775  python3 manage.py migrate 
 1776  python3 manage.py showmigrations
 1777  python3 manage.py migrate 
 1778  python3 manage.py showmigrations
 1779  python3 manage.py makemigrations
 1780  python3 manage.py migrate 
 1781  python3 manage.py createsuperuser 
 1782  python3 manage.py runserver 0.0.0.0:8000 --settings qneeproject.settings.local
 1783  sudo mysql -u root -p
 1784  python3 manage.py runserver 0.0.0.0:8000 --settings qneeproject.settings.local
 1785  service mysql status
 1786  sudo mysql -u root -p
 1787  python3 manage.py runserver 0.0.0.0:8000 --settings qneeproject.settings.local
 1788  sudo mysql -u root -p
 1789  python3 manage.py makemigrations
 1790  python3 manage.py migrate 
 1791  python3 manage.py makemigrations
 1792  sudo mysql -u root -p
 1793  python3 manage.py makemigrations
 1794  sudo mysql -u root -p
 1795  python3 manage.py makemigrations
 1796  python3 manage.py showmigrations
 1797  sudo mysql -u root -p
 1798  python3 manage.py showmigrations
 1799  sudo mysql -u root -p
 1800  python3 manage.py makemigrations
 1801  sudo mysql -u root -p
 1802  python3 manage.py makemigrations
 1803  sudo mysql -u shuichiro -p
 1804  sudo mysql -u root -p
 1805  python3 manage.py makemigrations
 1806  sudo mysql -u root -p
 1807  sudo mysql -u shuichiro -p
 1808  sudo mysql -u root -p
 1809  python3 manage.py makemigrations
 1810  sudo mysql -u root -p
 1811  sudo mysql -u root -p -e "CREATE DATABASE qnee_db CHARACTER SET utf8;"
 1812  sudo mysql -u root -p
 1813  python3 manage.py makemigrations
 1814  python3 manage.py migrate 
 1815  python3 manage.py runserver 0.0.0.0:8000 --settings qneeproject.settings.local
 1816  cd app3/django
 1817  python3 -m venv venv
 1818  source venv/bin/activate
 1819  cd qneeproject
 1820  python3 manage.py runserver 0.0.0.0:8000 --settings qneeproject.settings.local
 1821  cd app3_for_git
 1822  cd django
 1823  python3 manage.py runserver 0.0.0.0:8000 --settings qneeproject.settings.local
 1824  cd qneeproject
 1825  python3 manage.py runserver 0.0.0.0:8000 --settings qneeproject.settings.local
 1826  history
 1827  history -a
 1828  history -p
 1829  history 
 1830  git status
 1831  git log
 1832  history >> history_20250222.log
 1833  git log
 1834  git log -oneline
 1835  git log --oneline
 1836  /bin/python3 /home/shuichiro/.vscode-server/extensions/ms-python.python-2025.0.0-linux-x64/python_files/printEnvVariablesToFile.py /home/shuichiro/.vscode-server/extensions/ms-python.python-2025.0.0-linux-x64/python_files/deactivate/bash/envVars.txt
 1837  cd app3/django
 1838  python3 -m venv venv
 1839  source venv/bin/activate
 1840  cd qneeproject
 1841  python3 manage.py runserver 0.0.0.0:8000 --settings qneeproject.settings.local
 1842  python3 manage.py makemigrations
 1843  python3 manage.py migrate 
 1844  python3 manage.py runserver 0.0.0.0:8000 --settings qneeproject.settings.local
 1845  python3 manage.py makemigrations
 1846  python3 manage.py migrate 
 1847  python3 manage.py runserver 0.0.0.0:8000 --settings qneeproject.settings.local
 1848  cd /
 1849  ls
 1850  cd var
 1851  ls
 1852  cd www
 1853  ls
 1854  cd qneeproject
 1855  ls
 1856  cd media
 1857  cd ..
 1858  ls -la medlia
 1859  ls -la media
 1860  ls -la upload
 1861  ls -la media/upload
 1862  rm -r media/upload/*
 1863  rm -r /var/www/qneeproject/media/upload/*
 1864  rm  /var/www/qneeproject/media/upload/*
 1865  rm -r /var/www/qneeproject/media/upload/*
 1866  sudo rm -r /var/www/qneeproject/media/upload/*
 1867  ls -la /var/www/qneeproject/media/upload
 1868  python3 manage.py runserver 0.0.0.0:8000 --settings qneeproject.settings.local
 1869  cd /
 1870  cd /home/shuichiro
 1871  cd app3/django/qneeproject
 1872  ls
 1873  python3 manage.py runserver 0.0.0.0:8000 --settings qneeproject.settings.local
 1874  ls -la /var/www/qneeproject/media/upload
 1875  who
 1876  who am i
 1877  who 
 1878  ls -la /var/www/qneeproject/media/upload
 1879  sudo chmod 775 /var/www/qneeproject/media/upload
 1880  sudo adduser shuichiro root
 1881  ls -la /var/www/qneeproject/media/upload
 1882  python3 manage.py runserver 0.0.0.0:8000 --settings qneeproject.settings.local
 1883  ls -la /var/www/qneeproject/media/upload/entity3_tx6
 1884  ls -la /var/www/qneeproject/media/upload
 1885  ls -la /var/www/qneeproject/media
 1886  mkdir /var/www/qneeproject/media/upload/entity3_tx6
 1887  ls -la /var/www/qneeproject/media/upload
 1888  mkdir /var/www/qneeproject/media/upload/entity3_tx6
 1889  ls -la /var/www/qneeproject/media/upload
 1890  rm -r /var/www/qneeproject/media/upload
 1891  sudo rm -r /var/www/qneeproject/media/upload
 1892  rm -r /var/www/qneeproject/media/upload
 1893  python3 manage.py runserver 0.0.0.0:8000 --settings qneeproject.settings.local
 1894  ls -la /var/www/qneeproject/media
 1895  sudo chmod 775 /var/www/qneeproject/media
 1896  python3 manage.py runserver 0.0.0.0:8000 --settings qneeproject.settings.local
 1897  sudo chmod 775 /var/www/qneeproject
 1898  python3 manage.py runserver 0.0.0.0:8000 --settings qneeproject.settings.local
 1899  ls -la /var/www/qneeproject/media
 1900  sudo adduser shuichiro root
 1901  mkdir /var/www/qneeproject/media/upload/entity3_tx6
 1902  mkdir /var/www/qneeproject/media
 1903  mkdir /var/www/qneeproject/media/upload
 1904  ls -la /var/www/qneeproject/media/upload
 1905  sudo chown shuichiro /var/www/qneeproject/medeia
 1906  sudo chown shuichiro /var/www/qneeproject/media
 1907  ls -la /var/www/qneeproject/media
 1908  python3 manage.py runserver 0.0.0.0:8000 --settings qneeproject.settings.local
 1909  ls -la /var/www/qneeproject/media
 1910  ls -la /var/www/qneeproject/media/upload
 1911  python3 manage.py runserver 0.0.0.0:8000 --settings qneeproject.settings.local
 1912  cp -r * /home/shuichiro/app3_for_git/django/qneeproject
 1913  python3 manage.py runserver 0.0.0.0:8000 --settings qneeproject.settings.local
 1914  cd /home/shuichiro/app3
 1915  cd /home/shuichiro/app3_for_git
 1916  ls
 1917  git add *
 1918  git remote add origin2 https://github.com/shuichiro55/qneeproject3
 1919  git remote add origin3 https://github.com/shuichiro55/qneeproject3
 1920  git push -u origin3 main
 1921  git push -u origin2 main
 1922  git push -u origin3 main
 1923  git remote add origin3 https://github.com/shuichiro55/qneeproject3
 1924  git remote add origin4 https://github.com/shuichiro55/qneeproject3
 1925  git push -u origin4 main
 1926  git remote add origin1 https://github.com/shuichiro55/qneeproject241124
 1927  git push -u origin1 main
 1928  git push -u origin2 main
 1929  git remote add origin2 https://github.com/shuichiro55/qneeproject241124
 1930  git remote add origin3 https://github.com/shuichiro55/qneeproject241124
 1931  git remote add origin4 https://github.com/shuichiro55/qneeproject241124
 1932  git remote add origin5 https://github.com/shuichiro55/qneeproject241124
 1933  git push -u origin5 main
 1934  git add *
 1935  git commit -m "initial commit 25/02/20 from local to github"
 1936  git remote add origin https://github.com/shuichiro55/qneeproject250220
 1937  git remote rm origin*
 1938  git remote rm origin
 1939  git remote rm origin1
 1940  git remote rm origin2
 1941  git remote rm origin3
 1942  git remote rm origin4
 1943  git remote rm origin5
 1944  git remote rm origin6
 1945  git remote add origin https://github.com/shuichiro55/qneeproject250220
 1946  git push -u origin3 main
 1947  git push -u origin main
 1948  git remote rm origin3
 1949  git remote rm origin
 1950  git remote add origin https://github.com/shuichiro55/qneeproject250220histo
 1951  git push -u origin main
 1952  git pull origin main
 1953  git push -f origin main
 1954  git push -f origin master
 1955  git remote -v
 1956  history
 1957  git config user.name
 1958  git config user.email
 1959  git config -global user.name "shuichiro"
 1960  git config --global user.name "shuichiro"
 1961  git config user.name
 1962  Files
 1963  git help glossary
 1964  git help glossary -a
 1965  cd app3/django
 1966  python3 -m venv venv
 1967  source ven/bin/activate
 1968  source venv/bin/activate
 1969  cd qneeproject
 1970  git remote add origin https://github.com/shuichiro55/qneeproject250220histo
 1971  python3 manage.py runserver 0.0.0.0:8000 --settings qneeproject.settings.local
 1972  cd ../../app3_for_git
 1973  cd ../../
 1974  ls
 1975  cd ../app3_for_git
 1976  cd django
 1977  cd app3_for_git/django
 1978  ls
 1979  python3 -m venv venv
 1980  source venv/bin/activate
 1981  python3 manage.py runserver 0.0.0.0:8000 --settings qneeproject.settings.local
 1982  cd ..
 1983  python3 -m venv venv
 1984  source venv/bin/activate
 1985  cd qneeproject
 1986  python3 manage.py runserver 0.0.0.0:8000 --settings qneeproject.settings.local
 1987  pip install pymysql
 1988  pip install -r 01_requirements/production.lock
 1989  python3 manage.py runserver 0.0.0.0:8000 --settings qneeproject.settings.local
 1990  pip install pymysql
 1991  deactivate
 1992  cd ..
 1993  python3 -m venv venv
 1994  source venv/bin/activate
 1995* 
 1996  python --version
 1997  which python
 1998  which python3
 1999  python3 manage.py runserver 0.0.0.0:8000 --settings qneeproject.settings.local
 2000  cd qneeproject
 2001  python3 manage.py runserver 0.0.0.0:8000 --settings qneeproject.settings.local
 2002  pip install pymysql
 2003  sudo pip install pymysql
 2004  python3 manage.py runserver 0.0.0.0:8000 --settings qneeproject.settings.local
 2005  sudo pip install pymysql
 2006  python3 manage.py runserver 0.0.0.0:8000 --settings qneeproject.settings.local
 2007  sudo pip3 install pymysql
 2008  python3 manage.py runserver 0.0.0.0:8000 --settings qneeproject.settings.local
 2009  sudo pip install pymysql
 2010  python3 manage.py runserver 0.0.0.0:8000 --settings qneeproject.settings.local
 2011  sudo pip3 install pymysql
 2012  python3 manage.py runserver 0.0.0.0:8000 --settings qneeproject.settings.local
 2013  sudo apt-get install default-libmysqlclient-dev build-essential
 2014  sudo pip install mysqlclient
 2015  python3 manage.py runserver 0.0.0.0:8000 --settings qneeproject.settings.localsudo pip install mysqlclient
 2016  sudo pip install mysqlclient
 2017  sudo pip3 install mysqlclient
 2018  python3 manage.py runserver 0.0.0.0:8000 --settings qneeproject.settings.localsudo pip install mysqlclient
 2019  python3 manage.py runserver 0.0.0.0:8000 --settings qneeproject.settings.local
 2020  which pymysql
 2021  sudo pip install pymysql
 2022  which pymysql
 2023  which python
 2024  which python3
 2025  history >> history_20250228.log
